// Jest Snapshot v1, https://goo.gl/fbAQLP

exports[`Client Only Renders correctly 1`] = `null`;
