// Jest Snapshot v1, https://goo.gl/fbAQLP

exports[`Data Table Renders correctly 1`] = `null`;
