// Jest Snapshot v1, https://goo.gl/fbAQLP

exports[`Data Table Action Cell Renders correctly 1`] = `
<table
  className="MuiTable-root css-rqglhn-MuiTable-root"
  role={null}
>
  <tbody
    className="MuiTableBody-root css-apqrd9-MuiTableBody-root"
    role={null}
  >
    <tr
      className="MuiTableRow-root css-1q1u3t4-MuiTableRow-root"
      role={null}
    >
      <td
        aria-sort={null}
        className="MuiTableCell-root MuiTableCell-body MuiTableCell-alignLeft MuiTableCell-sizeMedium css-132a6sb-MuiTableCell-root"
      >
        <div>
          Test Component
        </div>
      </td>
    </tr>
  </tbody>
</table>
`;
