// Jest Snapshot v1, https://goo.gl/fbAQLP

exports[`Kanban Board Task Renders correctly 1`] = `null`;
