// Jest Snapshot v1, https://goo.gl/fbAQLP

exports[`Theme Mode Switch Renders correctly 1`] = `
<div
  className="MuiBox-root css-p8oihn"
>
  <svg
    aria-hidden={true}
    className="MuiSvgIcon-root MuiSvgIcon-colorSecondary MuiSvgIcon-fontSizeMedium css-uq5yn7-MuiSvgIcon-root"
    data-testid="LightModeIcon"
    focusable="false"
    viewBox="0 0 24 24"
  >
    <path
      d="M12 7c-2.76 0-5 2.24-5 5s2.24 5 5 5 5-2.24 5-5-2.24-5-5-5zM2 13h2c.55 0 1-.45 1-1s-.45-1-1-1H2c-.55 0-1 .45-1 1s.45 1 1 1zm18 0h2c.55 0 1-.45 1-1s-.45-1-1-1h-2c-.55 0-1 .45-1 1s.45 1 1 1zM11 2v2c0 .55.45 1 1 1s1-.45 1-1V2c0-.55-.45-1-1-1s-1 .45-1 1zm0 18v2c0 .55.45 1 1 1s1-.45 1-1v-2c0-.55-.45-1-1-1s-1 .45-1 1zM5.99 4.58c-.39-.39-1.03-.39-1.41 0-.39.39-.39 1.03 0 1.41l1.06 1.06c.39.39 1.03.39 1.41 0s.39-1.03 0-1.41L5.99 4.58zm12.37 12.37c-.39-.39-1.03-.39-1.41 0-.39.39-.39 1.03 0 1.41l1.06 1.06c.39.39 1.03.39 1.41 0 .39-.39.39-1.03 0-1.41l-1.06-1.06zm1.06-10.96c.39-.39.39-1.03 0-1.41-.39-.39-1.03-.39-1.41 0l-1.06 1.06c-.39.39-.39 1.03 0 1.41s1.03.39 1.41 0l1.06-1.06zM7.05 18.36c.39-.39.39-1.03 0-1.41-.39-.39-1.03-.39-1.41 0l-1.06 1.06c-.39.39-.39 1.03 0 1.41s1.03.39 1.41 0l1.06-1.06z"
    />
  </svg>
  <label
    className="MuiFormControlLabel-root MuiFormControlLabel-labelPlacementEnd css-1vbggne-MuiFormControlLabel-root"
    data-testid="light-dark-btn"
  >
    <span
      className="MuiSwitch-root MuiSwitch-sizeMedium css-sj51q3-MuiSwitch-root"
    >
      <span
        className="MuiButtonBase-root MuiSwitch-switchBase MuiSwitch-colorSecondary PrivateSwitchBase-root MuiSwitch-switchBase MuiSwitch-colorSecondary css-7la7f4-MuiButtonBase-root-MuiSwitch-switchBase"
        onBlur={[Function]}
        onContextMenu={[Function]}
        onDragLeave={[Function]}
        onFocus={[Function]}
        onKeyDown={[Function]}
        onKeyUp={[Function]}
        onMouseDown={[Function]}
        onMouseLeave={[Function]}
        onMouseUp={[Function]}
        onTouchEnd={[Function]}
        onTouchMove={[Function]}
        onTouchStart={[Function]}
        tabIndex={null}
      >
        <input
          checked={false}
          className="PrivateSwitchBase-input MuiSwitch-input css-1m9pwf3"
          onChange={[Function]}
          required={false}
          type="checkbox"
        />
        <span
          className="MuiSwitch-thumb css-jsexje-MuiSwitch-thumb"
        />
      </span>
      <span
        className="MuiSwitch-track css-j4fnnk-MuiSwitch-track"
      />
    </span>
    <span
      className="MuiTypography-root MuiTypography-body1 MuiFormControlLabel-label css-1lyi4-MuiTypography-root"
    />
  </label>
  <svg
    aria-hidden={true}
    className="MuiSvgIcon-root MuiSvgIcon-colorDisabled MuiSvgIcon-fontSizeMedium css-1m9vo64-MuiSvgIcon-root"
    data-testid="DarkModeIcon"
    focusable="false"
    viewBox="0 0 24 24"
  >
    <path
      d="M12 3c-4.97 0-9 4.03-9 9s4.03 9 9 9 9-4.03 9-9c0-.46-.04-.92-.1-1.36-.98 1.37-2.58 2.26-4.4 2.26-2.98 0-5.4-2.42-5.4-5.4 0-1.81.89-3.42 2.26-4.4-.44-.06-.9-.1-1.36-.1z"
    />
  </svg>
</div>
`;
