// Jest Snapshot v1, https://goo.gl/fbAQLP

exports[`Collection Form Schedule Renders correctly 1`] = `
<div
  className="MuiPaper-root MuiPaper-elevation MuiPaper-rounded MuiPaper-elevation1 MuiCard-root css-bhp9pd-MuiPaper-root-MuiCard-root"
>
  <div
    className="MuiCardHeader-root css-185gdzj-MuiCardHeader-root"
  >
    <div
      className="MuiCardHeader-content css-1qbkelo-MuiCardHeader-content"
    >
      <span
        className="MuiTypography-root MuiTypography-h5 MuiCardHeader-title css-1qvr50w-MuiTypography-root"
      >
        Schedule
      </span>
    </div>
  </div>
  <div
    className="MuiCardContent-root css-1hizqsf-MuiCardContent-root"
  >
    <form
      autoComplete="off"
      className="MuiBox-root css-1b7bzod"
      noValidate={true}
    >
      <div
        className="MuiBox-root css-k008qs"
      >
        <div
          className="MuiFormControl-root MuiTextField-root css-5o1wk7-MuiFormControl-root-MuiTextField-root"
          onClick={[Function]}
          onMouseUp={[Function]}
        >
          <label
            className="MuiFormLabel-root MuiInputLabel-root MuiInputLabel-formControl MuiInputLabel-animated MuiInputLabel-shrink MuiInputLabel-outlined MuiFormLabel-colorPrimary MuiFormLabel-filled MuiInputLabel-root MuiInputLabel-formControl MuiInputLabel-animated MuiInputLabel-shrink MuiInputLabel-outlined css-1jy569b-MuiFormLabel-root-MuiInputLabel-root"
            data-shrink={true}
            htmlFor=":r0:"
            id=":r0:-label"
          >
            Preferred Date
          </label>
          <div
            className="MuiInputBase-root MuiOutlinedInput-root MuiInputBase-colorPrimary MuiInputBase-formControl MuiInputBase-adornedEnd css-o9k5xi-MuiInputBase-root-MuiOutlinedInput-root"
            onClick={[Function]}
          >
            <input
              aria-invalid={false}
              autoComplete="off"
              autoFocus={false}
              className="MuiInputBase-input MuiOutlinedInput-input MuiInputBase-inputAdornedEnd css-nxo287-MuiInputBase-input-MuiOutlinedInput-input"
              disabled={false}
              id=":r0:"
              inputMode="text"
              onAnimationStart={[Function]}
              onBlur={[Function]}
              onChange={[Function]}
              onFocus={[Function]}
              onKeyDown={[Function]}
              onPaste={[Function]}
              placeholder="MM/DD/YYYY"
              readOnly={false}
              required={false}
              type="text"
              value="09/08/2024"
            />
            <div
              className="MuiInputAdornment-root MuiInputAdornment-positionEnd MuiInputAdornment-outlined MuiInputAdornment-sizeMedium css-1laqsz7-MuiInputAdornment-root"
            >
              <button
                aria-label="Choose date, selected date is Sep 8, 2024"
                className="MuiButtonBase-root MuiIconButton-root MuiIconButton-edgeEnd MuiIconButton-sizeMedium css-1yq5fb3-MuiButtonBase-root-MuiIconButton-root"
                disabled={false}
                onBlur={[Function]}
                onClick={[Function]}
                onContextMenu={[Function]}
                onDragLeave={[Function]}
                onFocus={[Function]}
                onKeyDown={[Function]}
                onKeyUp={[Function]}
                onMouseDown={[Function]}
                onMouseLeave={[Function]}
                onMouseUp={[Function]}
                onTouchEnd={[Function]}
                onTouchMove={[Function]}
                onTouchStart={[Function]}
                tabIndex={0}
                type="button"
              >
                <svg
                  aria-hidden={true}
                  className="MuiSvgIcon-root MuiSvgIcon-fontSizeMedium css-i4bv87-MuiSvgIcon-root"
                  data-testid="CalendarIcon"
                  focusable="false"
                  viewBox="0 0 24 24"
                >
                  <path
                    d="M17 12h-5v5h5v-5zM16 1v2H8V1H6v2H5c-1.11 0-1.99.9-1.99 2L3 19c0 1.1.89 2 2 2h14c1.1 0 2-.9 2-2V5c0-1.1-.9-2-2-2h-1V1h-2zm3 18H5V8h14v11z"
                  />
                </svg>
              </button>
            </div>
            <fieldset
              aria-hidden={true}
              className="MuiOutlinedInput-notchedOutline css-1d3z3hw-MuiOutlinedInput-notchedOutline"
            >
              <legend
                className="css-14lo706"
              >
                <span>
                  Preferred Date
                </span>
              </legend>
            </fieldset>
          </div>
        </div>
        <div
          className="MuiFormControl-root MuiTextField-root css-z3c6am-MuiFormControl-root-MuiTextField-root"
          onClick={[Function]}
          onMouseUp={[Function]}
        >
          <label
            className="MuiFormLabel-root MuiInputLabel-root MuiInputLabel-formControl MuiInputLabel-animated MuiInputLabel-shrink MuiInputLabel-outlined MuiFormLabel-colorSecondary MuiFormLabel-filled MuiInputLabel-root MuiInputLabel-formControl MuiInputLabel-animated MuiInputLabel-shrink MuiInputLabel-outlined css-179z3gj-MuiFormLabel-root-MuiInputLabel-root"
            data-shrink={true}
            htmlFor=":r2:"
            id=":r2:-label"
          >
            Preferred Time
          </label>
          <div
            className="MuiInputBase-root MuiOutlinedInput-root MuiInputBase-colorSecondary MuiInputBase-formControl css-hjtp1-MuiInputBase-root-MuiOutlinedInput-root"
            onClick={[Function]}
          >
            <input
              aria-invalid={false}
              autoComplete="off"
              autoFocus={false}
              className="MuiInputBase-input MuiOutlinedInput-input css-1t8l2tu-MuiInputBase-input-MuiOutlinedInput-input"
              disabled={false}
              id=":r2:"
              inputMode="text"
              onAnimationStart={[Function]}
              onBlur={[Function]}
              onChange={[Function]}
              onFocus={[Function]}
              onKeyDown={[Function]}
              onPaste={[Function]}
              placeholder="hh:mm aa"
              readOnly={false}
              required={false}
              type="text"
              value="09:30 AM"
            />
            <fieldset
              aria-hidden={true}
              className="MuiOutlinedInput-notchedOutline css-1d3z3hw-MuiOutlinedInput-notchedOutline"
            >
              <legend
                className="css-14lo706"
              >
                <span>
                  Preferred Time
                </span>
              </legend>
            </fieldset>
          </div>
        </div>
      </div>
      <div
        className="MuiFormControl-root MuiTextField-root css-1u3bzj6-MuiFormControl-root-MuiTextField-root"
      >
        <label
          className="MuiFormLabel-root MuiInputLabel-root MuiInputLabel-formControl MuiInputLabel-animated MuiInputLabel-standard MuiFormLabel-colorSecondary MuiInputLabel-root MuiInputLabel-formControl MuiInputLabel-animated MuiInputLabel-standard css-t7bnno-MuiFormLabel-root-MuiInputLabel-root"
          data-shrink={false}
          htmlFor="schedule-notes-multiline"
          id="schedule-notes-multiline-label"
        >
          Notes
        </label>
        <div
          className="MuiInputBase-root MuiInput-root MuiInput-underline MuiInputBase-colorSecondary MuiInputBase-formControl MuiInputBase-multiline css-1w7ptt9-MuiInputBase-root-MuiInput-root"
          onClick={[Function]}
        >
          <textarea
            aria-invalid={false}
            autoFocus={false}
            className="MuiInputBase-input MuiInput-input MuiInputBase-inputMultiline css-66dh3a-MuiInputBase-input-MuiInput-input"
            disabled={false}
            id="schedule-notes-multiline"
            onAnimationStart={[Function]}
            onBlur={[Function]}
            onChange={[Function]}
            onFocus={[Function]}
            required={false}
            style={
              {
                "height": 0,
                "overflow": undefined,
              }
            }
            value=""
          />
          <textarea
            aria-hidden={true}
            className="MuiInputBase-input MuiInput-input MuiInputBase-inputMultiline css-66dh3a-MuiInputBase-input-MuiInput-input"
            readOnly={true}
            style={
              {
                "height": 0,
                "left": 0,
                "overflow": "hidden",
                "padding": 0,
                "position": "absolute",
                "top": 0,
                "transform": "translateZ(0)",
                "visibility": "hidden",
              }
            }
            tabIndex={-1}
          />
        </div>
      </div>
    </form>
    <div
      className="MuiBox-root css-kh5ii8"
    >
      <button
        className="MuiButtonBase-root MuiButton-root MuiButton-outlined MuiButton-outlinedSecondary MuiButton-sizeMedium MuiButton-outlinedSizeMedium Mui-disabled MuiButton-root MuiButton-outlined MuiButton-outlinedSecondary MuiButton-sizeMedium MuiButton-outlinedSizeMedium css-1ex1hsz-MuiButtonBase-root-MuiButton-root"
        disabled={true}
        onBlur={[Function]}
        onClick={[Function]}
        onContextMenu={[Function]}
        onDragLeave={[Function]}
        onFocus={[Function]}
        onKeyDown={[Function]}
        onKeyUp={[Function]}
        onMouseDown={[Function]}
        onMouseLeave={[Function]}
        onMouseUp={[Function]}
        onTouchEnd={[Function]}
        onTouchMove={[Function]}
        onTouchStart={[Function]}
        tabIndex={-1}
        type="button"
      >
        Cancel
      </button>
      <button
        className="MuiButtonBase-root MuiButton-root MuiLoadingButton-root MuiButton-contained MuiButton-containedSecondary MuiButton-sizeMedium MuiButton-containedSizeMedium Mui-disabled MuiButton-root MuiLoadingButton-root MuiButton-contained MuiButton-containedSecondary MuiButton-sizeMedium MuiButton-containedSizeMedium css-1fddvdp-MuiButtonBase-root-MuiButton-root-MuiLoadingButton-root"
        disabled={true}
        id=":r4:"
        onBlur={[Function]}
        onClick={[Function]}
        onContextMenu={[Function]}
        onDragLeave={[Function]}
        onFocus={[Function]}
        onKeyDown={[Function]}
        onKeyUp={[Function]}
        onMouseDown={[Function]}
        onMouseLeave={[Function]}
        onMouseUp={[Function]}
        onTouchEnd={[Function]}
        onTouchMove={[Function]}
        onTouchStart={[Function]}
        tabIndex={-1}
        type="button"
      >
        Commit
      </button>
    </div>
  </div>
</div>
`;
