// Jest Snapshot v1, https://goo.gl/fbAQLP

exports[`Menu Popover Renders correctly 1`] = `
{
  "asFragment": [Function],
  "baseElement": <body>
    <div>
      <div
        data-simplebar="init"
      >
        <div
          class="simplebar-wrapper"
        >
          <div
            class="simplebar-height-auto-observer-wrapper"
          >
            <div
              class="simplebar-height-auto-observer"
            />
          </div>
          <div
            class="simplebar-mask"
          >
            <div
              class="simplebar-offset"
              style="right: 0px; bottom: 0px;"
            >
              <div
                aria-label="scrollable content"
                class="simplebar-content-wrapper"
                role="region"
                style="height: auto; overflow-x: hidden; overflow-y: hidden;"
                tabindex="0"
              >
                <div
                  class="simplebar-content"
                >
                  <div>
                    Test child
                  </div>
                </div>
              </div>
            </div>
          </div>
          <div
            class="simplebar-placeholder"
            style="width: 0px; height: 0px;"
          />
        </div>
        <div
          class="simplebar-track simplebar-horizontal"
          style="visibility: hidden;"
        >
          <div
            class="simplebar-scrollbar simplebar-visible"
            style="width: 0px; display: none;"
          />
        </div>
        <div
          class="simplebar-track simplebar-vertical"
          style="visibility: hidden;"
        >
          <div
            class="simplebar-scrollbar simplebar-visible"
            style="height: 0px; display: none;"
          />
        </div>
      </div>
    </div>
  </body>,
  "container": <div>
    <div
      data-simplebar="init"
    >
      <div
        class="simplebar-wrapper"
      >
        <div
          class="simplebar-height-auto-observer-wrapper"
        >
          <div
            class="simplebar-height-auto-observer"
          />
        </div>
        <div
          class="simplebar-mask"
        >
          <div
            class="simplebar-offset"
            style="right: 0px; bottom: 0px;"
          >
            <div
              aria-label="scrollable content"
              class="simplebar-content-wrapper"
              role="region"
              style="height: auto; overflow-x: hidden; overflow-y: hidden;"
              tabindex="0"
            >
              <div
                class="simplebar-content"
              >
                <div>
                  Test child
                </div>
              </div>
            </div>
          </div>
        </div>
        <div
          class="simplebar-placeholder"
          style="width: 0px; height: 0px;"
        />
      </div>
      <div
        class="simplebar-track simplebar-horizontal"
        style="visibility: hidden;"
      >
        <div
          class="simplebar-scrollbar simplebar-visible"
          style="width: 0px; display: none;"
        />
      </div>
      <div
        class="simplebar-track simplebar-vertical"
        style="visibility: hidden;"
      >
        <div
          class="simplebar-scrollbar simplebar-visible"
          style="height: 0px; display: none;"
        />
      </div>
    </div>
  </div>,
  "debug": [Function],
  "findAllByAltText": [Function],
  "findAllByDisplayValue": [Function],
  "findAllByLabelText": [Function],
  "findAllByPlaceholderText": [Function],
  "findAllByRole": [Function],
  "findAllByTestId": [Function],
  "findAllByText": [Function],
  "findAllByTitle": [Function],
  "findByAltText": [Function],
  "findByDisplayValue": [Function],
  "findByLabelText": [Function],
  "findByPlaceholderText": [Function],
  "findByRole": [Function],
  "findByTestId": [Function],
  "findByText": [Function],
  "findByTitle": [Function],
  "getAllByAltText": [Function],
  "getAllByDisplayValue": [Function],
  "getAllByLabelText": [Function],
  "getAllByPlaceholderText": [Function],
  "getAllByRole": [Function],
  "getAllByTestId": [Function],
  "getAllByText": [Function],
  "getAllByTitle": [Function],
  "getByAltText": [Function],
  "getByDisplayValue": [Function],
  "getByLabelText": [Function],
  "getByPlaceholderText": [Function],
  "getByRole": [Function],
  "getByTestId": [Function],
  "getByText": [Function],
  "getByTitle": [Function],
  "queryAllByAltText": [Function],
  "queryAllByDisplayValue": [Function],
  "queryAllByLabelText": [Function],
  "queryAllByPlaceholderText": [Function],
  "queryAllByRole": [Function],
  "queryAllByTestId": [Function],
  "queryAllByText": [Function],
  "queryAllByTitle": [Function],
  "queryByAltText": [Function],
  "queryByDisplayValue": [Function],
  "queryByLabelText": [Function],
  "queryByPlaceholderText": [Function],
  "queryByRole": [Function],
  "queryByTestId": [Function],
  "queryByText": [Function],
  "queryByTitle": [Function],
  "rerender": [Function],
  "unmount": [Function],
}
`;
