// Jest Snapshot v1, https://goo.gl/fbAQLP

exports[`Kanban Board Form Renders correctly 1`] = `
<form
  onSubmit={[Function]}
>
  <div
    className="MuiFormControl-root MuiFormControl-marginNormal MuiFormControl-fullWidth MuiTextField-root css-17vbkzs-MuiFormControl-root-MuiTextField-root"
  >
    <label
      className="MuiFormLabel-root MuiInputLabel-root MuiInputLabel-formControl MuiInputLabel-animated MuiInputLabel-shrink MuiInputLabel-outlined MuiFormLabel-colorPrimary Mui-disabled MuiFormLabel-filled MuiInputLabel-root MuiInputLabel-formControl MuiInputLabel-animated MuiInputLabel-shrink MuiInputLabel-outlined css-1jy569b-MuiFormLabel-root-MuiInputLabel-root"
      data-shrink={true}
      htmlFor="name"
      id="name-label"
    >
      Board Name
    </label>
    <div
      className="MuiInputBase-root MuiOutlinedInput-root MuiInputBase-colorPrimary Mui-disabled MuiInputBase-fullWidth MuiInputBase-formControl MuiInputBase-adornedStart css-8j6b76-MuiInputBase-root-MuiOutlinedInput-root"
      onClick={[Function]}
    >
      <div
        className="MuiInputAdornment-root MuiInputAdornment-positionStart MuiInputAdornment-outlined MuiInputAdornment-sizeMedium css-ittuaa-MuiInputAdornment-root"
      >
        <span
          className="notranslate"
        >
          â€‹
        </span>
        <svg
          aria-hidden={true}
          className="MuiSvgIcon-root MuiSvgIcon-colorSecondary MuiSvgIcon-fontSizeMedium css-kw0y8f-MuiSvgIcon-root"
          data-testid="LabelImportantIcon"
          focusable="false"
          viewBox="0 0 24 24"
        >
          <path
            d="m3.5 18.99 11 .01c.67 0 1.27-.33 1.63-.84L20.5 12l-4.37-6.16c-.36-.51-.96-.84-1.63-.84l-11 .01L8.34 12 3.5 18.99z"
          />
        </svg>
      </div>
      <input
        aria-invalid={false}
        autoComplete="on"
        autoFocus={false}
        className="MuiInputBase-input MuiOutlinedInput-input Mui-disabled MuiInputBase-inputAdornedStart css-1o9s3wi-MuiInputBase-input-MuiOutlinedInput-input"
        disabled={true}
        id="name"
        name="name"
        onAnimationStart={[Function]}
        onBlur={[Function]}
        onChange={[Function]}
        onFocus={[Function]}
        required={false}
        type="text"
        value="New Board"
      />
      <fieldset
        aria-hidden={true}
        className="MuiOutlinedInput-notchedOutline css-1d3z3hw-MuiOutlinedInput-notchedOutline"
      >
        <legend
          className="css-14lo706"
        >
          <span>
            Board Name
          </span>
        </legend>
      </fieldset>
    </div>
  </div>
  <div
    className="MuiBox-root css-1yuhvjn"
  >
    <p
      className="MuiTypography-root MuiTypography-body1 css-ahj2mt-MuiTypography-root"
    >
      Board Columns
    </p>
    <div
      className="MuiBox-root css-0"
    >
      <div
        className="MuiFormControl-root MuiFormControl-fullWidth css-1w4vsez-MuiFormControl-root"
      >
        <div
          className="MuiInputBase-root MuiInput-root MuiInput-underline MuiInputBase-colorPrimary Mui-disabled MuiInputBase-formControl MuiInputBase-adornedEnd css-v4u5dn-MuiInputBase-root-MuiInput-root"
          onClick={[Function]}
        >
          <input
            aria-invalid={false}
            className="MuiInputBase-input MuiInput-input Mui-disabled MuiInputBase-inputAdornedEnd css-1x51dt5-MuiInputBase-input-MuiInput-input"
            disabled={true}
            id="board-columns-form"
            onAnimationStart={[Function]}
            onBlur={[Function]}
            onChange={[Function]}
            onFocus={[Function]}
            placeholder="Enter column name..."
            required={false}
            type="text"
            value="Todo"
          />
          <div
            className="MuiInputAdornment-root MuiInputAdornment-positionEnd MuiInputAdornment-standard MuiInputAdornment-sizeMedium css-1laqsz7-MuiInputAdornment-root"
          />
        </div>
      </div>
    </div>
    <div
      className="MuiBox-root css-0"
    >
      <div
        className="MuiFormControl-root MuiFormControl-fullWidth css-1w4vsez-MuiFormControl-root"
      >
        <div
          className="MuiInputBase-root MuiInput-root MuiInput-underline MuiInputBase-colorPrimary Mui-disabled MuiInputBase-formControl MuiInputBase-adornedEnd css-v4u5dn-MuiInputBase-root-MuiInput-root"
          onClick={[Function]}
        >
          <input
            aria-invalid={false}
            className="MuiInputBase-input MuiInput-input Mui-disabled MuiInputBase-inputAdornedEnd css-1x51dt5-MuiInputBase-input-MuiInput-input"
            disabled={true}
            id="board-columns-form"
            onAnimationStart={[Function]}
            onBlur={[Function]}
            onChange={[Function]}
            onFocus={[Function]}
            placeholder="Enter column name..."
            required={false}
            type="text"
            value="In Progress"
          />
          <div
            className="MuiInputAdornment-root MuiInputAdornment-positionEnd MuiInputAdornment-standard MuiInputAdornment-sizeMedium css-1laqsz7-MuiInputAdornment-root"
          />
        </div>
      </div>
    </div>
    <div
      className="MuiBox-root css-0"
    >
      <div
        className="MuiFormControl-root MuiFormControl-fullWidth css-1w4vsez-MuiFormControl-root"
      >
        <div
          className="MuiInputBase-root MuiInput-root MuiInput-underline MuiInputBase-colorPrimary Mui-disabled MuiInputBase-formControl MuiInputBase-adornedEnd css-v4u5dn-MuiInputBase-root-MuiInput-root"
          onClick={[Function]}
        >
          <input
            aria-invalid={false}
            className="MuiInputBase-input MuiInput-input Mui-disabled MuiInputBase-inputAdornedEnd css-1x51dt5-MuiInputBase-input-MuiInput-input"
            disabled={true}
            id="board-columns-form"
            onAnimationStart={[Function]}
            onBlur={[Function]}
            onChange={[Function]}
            onFocus={[Function]}
            placeholder="Enter column name..."
            required={false}
            type="text"
            value="Completed"
          />
          <div
            className="MuiInputAdornment-root MuiInputAdornment-positionEnd MuiInputAdornment-standard MuiInputAdornment-sizeMedium css-1laqsz7-MuiInputAdornment-root"
          />
        </div>
      </div>
    </div>
  </div>
  <button
    className="MuiButtonBase-root MuiButton-root MuiButton-contained MuiButton-containedSecondary MuiButton-sizeMedium MuiButton-containedSizeMedium MuiButton-fullWidth Mui-disabled MuiButton-root MuiButton-contained MuiButton-containedSecondary MuiButton-sizeMedium MuiButton-containedSizeMedium MuiButton-fullWidth css-1p5sqbq-MuiButtonBase-root-MuiButton-root"
    disabled={true}
    onBlur={[Function]}
    onContextMenu={[Function]}
    onDragLeave={[Function]}
    onFocus={[Function]}
    onKeyDown={[Function]}
    onKeyUp={[Function]}
    onMouseDown={[Function]}
    onMouseLeave={[Function]}
    onMouseUp={[Function]}
    onTouchEnd={[Function]}
    onTouchMove={[Function]}
    onTouchStart={[Function]}
    tabIndex={-1}
    type="submit"
  >
    Add Board
  </button>
</form>
`;
