// Jest Snapshot v1, https://goo.gl/fbAQLP

exports[`Kanban Board Column Renders correctly 1`] = `null`;
