// Jest Snapshot v1, https://goo.gl/fbAQLP

exports[`Meta Renders correctly 1`] = `
[
  <title>
    Asecca
  </title>,
  <meta
    content="Asecca front end client SPA"
    name="description"
  />,
  <meta
    content="width=device-width, initial-scale=1"
    name="viewport"
  />,
  <link
    href="/favicon.ico"
    rel="icon"
  />,
  <link
    href="/favicon/apple-touch-icon.png"
    rel="apple-touch-icon"
    sizes="180x180"
  />,
  <link
    href="/favicon/favicon-32x32.png"
    rel="icon"
    sizes="32x32"
    type="image/png"
  />,
  <link
    href="/favicon/favicon-16x16.png"
    rel="icon"
    sizes="16x16"
    type="image/png"
  />,
  <link
    href="/favicon/site.webmanifest"
    rel="manifest"
  />,
  <link
    color="#1976d2"
    href="/favicon/safari-pinned-tab.svg"
    rel="mask-icon"
  />,
  <link
    href="/favicon/favicon.ico"
    rel="icon"
  />,
  <meta
    content="#1976d2"
    name="msapplication-TileColor"
  />,
  <meta
    content="/favicon/browserconfig.xml"
    name="msapplication-config"
  />,
  <meta
    content="Asecca"
    name="apple-mobile-web-app-title"
  />,
  <meta
    content="Asecca"
    name="application-name"
  />,
  <meta
    content="#1976d2"
    name="theme-color"
  />,
  <link
    href="/feed.xml"
    rel="alternate"
    type="application/rss+xml"
  />,
  <link
    href="https://fonts.googleapis.com"
    rel="preconnect"
  />,
  <link
    href="https://fonts.gstatic.com"
    rel="preconnect"
  />,
]
`;
