// Jest Snapshot v1, https://goo.gl/fbAQLP

exports[`Collection Form SOW Renders correctly 1`] = `
<div
  className="MuiPaper-root MuiPaper-elevation MuiPaper-rounded MuiPaper-elevation1 MuiCard-root css-bhp9pd-MuiPaper-root-MuiCard-root"
>
  <div
    className="MuiCardHeader-root css-185gdzj-MuiCardHeader-root"
  >
    <div
      className="MuiCardHeader-content css-1qbkelo-MuiCardHeader-content"
    >
      <span
        className="MuiTypography-root MuiTypography-h5 MuiCardHeader-title css-1qvr50w-MuiTypography-root"
      >
        SOW
      </span>
    </div>
  </div>
  <div
    className="MuiCardContent-root css-1hizqsf-MuiCardContent-root"
  >
    <div
      className="MuiBox-root css-37r54y"
    >
      <div
        className="MuiBox-root css-1qm1lh"
      >
        <iframe
          height="500px"
          src="data:application/pdf;base64,"
          title="SOW PDF Preview - Collection 66135000001760012"
          width="100%"
        />
      </div>
      <button
        className="MuiButtonBase-root MuiButton-root MuiLoadingButton-root MuiButton-contained MuiButton-containedSecondary MuiButton-sizeMedium MuiButton-containedSizeMedium Mui-disabled MuiButton-root MuiLoadingButton-root MuiButton-contained MuiButton-containedSecondary MuiButton-sizeMedium MuiButton-containedSizeMedium css-8fpfx2-MuiButtonBase-root-MuiButton-root-MuiLoadingButton-root"
        disabled={true}
        id=":r0:"
        onBlur={[Function]}
        onClick={[Function]}
        onContextMenu={[Function]}
        onDragLeave={[Function]}
        onFocus={[Function]}
        onKeyDown={[Function]}
        onKeyUp={[Function]}
        onMouseDown={[Function]}
        onMouseLeave={[Function]}
        onMouseUp={[Function]}
        onTouchEnd={[Function]}
        onTouchMove={[Function]}
        onTouchStart={[Function]}
        tabIndex={-1}
        type="button"
      >
        Download PDF
      </button>
    </div>
  </div>
</div>
`;
