// Jest Snapshot v1, https://goo.gl/fbAQLP

exports[`Kanban Board Group Renders correctly 1`] = `null`;
